exports[`injectConfig should render 1`] = `
<div
  style={undefined}>
  a component for testing
</div>
`;
